// Jest Snapshot v1, https://goo.gl/fbAQLP

exports[`should render expense list item with expense 1`] = `
<div>
  <Link
    replace={false}
    to="/edit/1"
  >
    gum
  </Link>
  <p>
    195
     -- 
    0
  </p>
</div>
`;
